###############################################################################
#
# IAR C/C++ Compiler V4.20.1.5803/W32 for Renesas RX      23/Dec/2022  10:19:25
# Copyright 2009-2020 IAR Systems AB.
# PC-locked license - IAR Embedded Workbench for Renesas RX, 64K KickStart Edition 4.20
#
#    Source file              =  ..\src\main.c
#    Command line             =
#        ..\src\main.c -o src\main.o --no_wrap_diagnostics -e --align_func=1
#        --tfu=none -Ohs --no_size_constraints --no_cross_call --debug -lC ./
#        -I
#        C:\Renesas\GitHubDesktop\workspaces\workspace_e2v202210\RXv3_RegBankSave\RXv3_RegBankSave_IAR\src\smc_gen\r_config/
#        -I
#        C:\Renesas\GitHubDesktop\workspaces\workspace_e2v202210\RXv3_RegBankSave\RXv3_RegBankSave_IAR\src\smc_gen\r_pincfg/
#        -I
#        C:\Renesas\GitHubDesktop\workspaces\workspace_e2v202210\RXv3_RegBankSave\RXv3_RegBankSave_IAR\src\smc_gen\general/
#        -I
#        C:\Renesas\GitHubDesktop\workspaces\workspace_e2v202210\RXv3_RegBankSave\RXv3_RegBankSave_IAR\src\smc_gen\r_bsp/
#        -I
#        C:\Renesas\GitHubDesktop\workspaces\workspace_e2v202210\RXv3_RegBankSave\RXv3_RegBankSave_IAR\src\smc_gen\Config_RIIC0/
#        -I
#        C:\Renesas\GitHubDesktop\workspaces\workspace_e2v202210\RXv3_RegBankSave\RXv3_RegBankSave_IAR\src\smc_gen\Config_SCI0/
#        -I
#        C:\Renesas\GitHubDesktop\workspaces\workspace_e2v202210\RXv3_RegBankSave\RXv3_RegBankSave_IAR\src\smc_gen\r_riic_rx/
#        -I
#        C:\Renesas\GitHubDesktop\workspaces\workspace_e2v202210\RXv3_RegBankSave\RXv3_RegBankSave_IAR\src\smc_gen\r_riic_rx\src/
#        -I
#        C:\Renesas\GitHubDesktop\workspaces\workspace_e2v202210\RXv3_RegBankSave\RXv3_RegBankSave_IAR\src\smc_gen\r_sci_iic_rx/
#        -I
#        C:\Renesas\GitHubDesktop\workspaces\workspace_e2v202210\RXv3_RegBankSave\RXv3_RegBankSave_IAR\src\smc_gen\r_sci_iic_rx\src/
#        -I
#        C:\Renesas\GitHubDesktop\workspaces\workspace_e2v202210\RXv3_RegBankSave\RXv3_RegBankSave_IAR\src\smc_gen\Config_MTU3_MTU4/
#        --remarks --save_acc --endian l --core rxv3 --fpu=64 --data_model=f
#        --double=64 --int=32 --dlib_config
#        C:/Renesas/EWB/8.4/rx/LIB/dlrxdlln.h
#    Locale                   =  C
#    List file                =  ./main.lst
#    Object file              =  src\main.o
#    Runtime model:              
#      __SystemLibrary        =  DLib
#      __calling_conv         =  abi10
#      __core                 =  3
#      __dlib_file_descriptor =  0
#      __dlib_version         =  6
#      __double_size          =  64
#      __endian               =  l
#      __enum_size            =  *
#      __fpu                  =  2
#      __int_size             =  32
#      __lock_R10             =  0
#      __lock_R11             =  0
#      __lock_R12             =  0
#      __lock_R13             =  0
#      __lock_R8              =  0
#      __lock_R9              =  0
#      __rt_version           =  5
#      __size_limit           =  65536
#
###############################################################################

C:\Renesas\GitHubDesktop\workspaces\workspace_e2v202210\RXv3_RegBankSave\RXv3_RegBankSave_IAR\src\main.c
      1          #include "r_smc_entry.h"
      2          
      3          void main(void);
      4          void Check_Using_DSQRT_FSQRT(void);
      5          void Check_Not_Using_DSQRT_FSQRT(void);

   \                                 In section .data24.bss, align 4
      6          void (*fp_Check_Using_DSQRT_FSQRT)(void);
   \                     _fp_Check_Using_DSQRT_FSQRT:
   \   000000              DS8 4

   \                                 In section .data24.bss, align 4
      7          void (*fp_Check_Not_Using_DSQRT_FSQRT)(void);
   \                     _fp_Check_Not_Using_DSQRT_FSQRT:
   \   000000              DS8 4
      8          
      9          #define VECT_TRAP_0 0
     10          #define VECT_TRAP_1 1
     11          #define VECT_TRAP_2 2
     12          #define VECT_TRAP_3 3
     13          #define VECT_TRAP_4 4
     14          

   \                                 In section .text, align 1, keep-with-next
     15          void main(void)
     16          {
     17              R_BSP_SET_IPL( MY_BSP_CFG_FIT_UNNESTED_IPL_MAX - 1 );
   \                     _main:
   \   000000 75 70 07     MVTIPL    #0x7
     18              R_BSP_INT( VECT( TRAP, 0 ) );
   \   000003 75 60 00     INT       #0x0
     19              R_BSP_INT( VECT( TRAP, 1 ) );
   \   000006 75 60 01     INT       #0x1
     20              R_BSP_INT( VECT( TRAP, 2 ) );
   \   000009 75 60 02     INT       #0x2
     21              R_BSP_INT( VECT( TRAP, 3 ) );
   \   00000C 75 60 03     INT       #0x3
     22              R_BSP_INT( VECT( TRAP, 4 ) );
   \   00000F 75 60 04     INT       #0x4
     23          
     24              R_BSP_SET_IPL( MY_BSP_CFG_FIT_UNNESTED_IPL_MAX );
   \   000012 75 70 08     MVTIPL    #0x8
     25              R_BSP_INT( VECT( TRAP, 0 ) );
   \   000015 75 60 00     INT       #0x0
     26              R_BSP_INT( VECT( TRAP, 1 ) );
   \   000018 75 60 01     INT       #0x1
     27              R_BSP_INT( VECT( TRAP, 2 ) );
   \   00001B 75 60 02     INT       #0x2
     28              R_BSP_INT( VECT( TRAP, 3 ) );
   \   00001E 75 60 03     INT       #0x3
     29              R_BSP_INT( VECT( TRAP, 4 ) );
   \   000021 75 60 04     INT       #0x4
     30          
     31              R_BSP_SET_IPL( MY_BSP_CFG_FIT_UNNESTED_IPL_MAX + 1 );
   \   000024 75 70 09     MVTIPL    #0x9
     32              R_BSP_INT( VECT( TRAP, 0 ) );
   \   000027 75 60 00     INT       #0x0
     33              R_BSP_INT( VECT( TRAP, 1 ) );
   \   00002A 75 60 01     INT       #0x1
     34              R_BSP_INT( VECT( TRAP, 2 ) );
   \   00002D 75 60 02     INT       #0x2
     35              R_BSP_INT( VECT( TRAP, 3 ) );
   \   000030 75 60 03     INT       #0x3
     36              R_BSP_INT( VECT( TRAP, 4 ) );
   \   000033 75 60 04     INT       #0x4
     37          
     38          #if 0 /* later */
     39              R_BSP_SET_IPL( BSP_CFG_FIT_IPL_MAX - 1 );
     40              R_BSP_INT( VECT( TRAP, 0 ) );
     41              R_BSP_INT( VECT( TRAP, 1 ) );
     42              R_BSP_INT( VECT( TRAP, 2 ) );
     43              R_BSP_INT( VECT( TRAP, 3 ) );
     44              R_BSP_INT( VECT( TRAP, 4 ) );
     45          
     46              R_BSP_SET_IPL( BSP_CFG_FIT_IPL_MAX );
     47              R_BSP_INT( VECT( TRAP, 0 ) );
     48              R_BSP_INT( VECT( TRAP, 1 ) );
     49              R_BSP_INT( VECT( TRAP, 2 ) );
     50              R_BSP_INT( VECT( TRAP, 3 ) );
     51              R_BSP_INT( VECT( TRAP, 4 ) );
     52          
     53              R_BSP_SET_IPL( BSP_CFG_FIT_IPL_MAX + 1 );
     54              R_BSP_INT( VECT( TRAP, 0 ) );
     55              R_BSP_INT( VECT( TRAP, 1 ) );
     56              R_BSP_INT( VECT( TRAP, 2 ) );
     57              R_BSP_INT( VECT( TRAP, 3 ) );
     58              R_BSP_INT( VECT( TRAP, 4 ) );
     59          #endif
     60          
     61              R_BSP_NOP();
   \   000036 03           NOP
     62          
     63              fp_Check_Using_DSQRT_FSQRT = &Check_Using_DSQRT_FSQRT;
     64              fp_Check_Not_Using_DSQRT_FSQRT = &Check_Not_Using_DSQRT_FSQRT;
     65          
     66              for(;;);
   \                     ??main_0:
   \   000037 2E 00        BRA.B     ??main_0      ;  I 01
     67          }
     68          

   \                                 In section .data24.data, align 4
     69          uint32_t debug = 0x5a5a5a5a;
   \                     _debug:
   \   000000 5A5A'5A5A    DC32 1'515'870'810
     70          

   \                                 In section .text, align 1, keep-with-next
     71          R_BSP_PRAGMA_STATIC_INTERRUPT(trap0_isr, VECT(TRAP, 0))
   \                     ___interrupt_0:
   \   000000 7E A1        PUSH.L R1
   \   000002 FD 6A 01     MVFC PSW, R1
   \   000005 FC 5A 11 08  BFMOVZ #18H, #0, #4, R1, R1 

   \          10
   \   00000A 61 81        CMP #0x8, R1
   \   00000C 22 05        BGEU ??_lab1
   \   00000E 75 70 08     MVTIPL #0x8
   \                     ??_lab1:
   \   000011 7F A8        SETPSW I
   \   000013 FD 6A 01     MVFC PSW, R1
   \   000016 FC 5A 11 08  BFMOVZ #18H, #0, #4, R1, R1 

   \          10
   \   00001B FD 76 C1 00  SAVE R1
   \   00001F EF 16        MOV.L R1, R6
   \   000021 39 ....      BSR.W _trap0_isr
   \   000024 FD 76 D6 00  RSTR R6
   \   000028 7E B1        POP R1
   \   00002A 7F 95        RTE
   \   00002C              REQUIRE _trap0_isr

   \                                 In section .text, align 1, keep-with-next
     72          R_BSP_ATTRIB_STATIC_INTERRUPT void trap0_isr(void)
     73          {
     74              debug = 0;
   \                     _trap0_isr:
   \   000000 FB 1E        MOV.L     #_debug:24,R1 ;  N 

   \          ..'....
   \   000005 F8 16 00     MOV.L     #0x0,[R1]     ;  N
     75          }
   \   000008 02           RTS
     76          
     77          #if defined(__CCRX__) /*----------------------------------------------------*/
     78          
     79          #define trap1_isr(...) R_CG_ATTRIB_INTERRUPT_FIT_IPL_MAX_EI(trap1_isr, __VA_ARGS__)
     80          /**/
     81          #pragma interrupt trap1_isr(vect = VECT(TRAP, 1))
     82          static void trap1_isr(void)
     83          {
     84              debug = 1;
     85          }
     86          
     87          #define trap2_isr(...) R_CG_ATTRIB_INTERRUPT_EI(trap2_isr, __VA_ARGS__)
     88          /**/
     89          #pragma interrupt trap2_isr(vect = VECT(TRAP, 2))
     90          static void trap2_isr(void)
     91          {
     92              debug = 2;
     93          }
     94          
     95          #define trap3_isr(...) R_CG_ATTRIB_INTERRUPT_BANK(trap3_isr, 15, __VA_ARGS__)
     96          /**/
     97          #pragma interrupt trap3_isr(vect = VECT(TRAP, 3))
     98          static void trap3_isr(void)
     99          {
    100              debug = 3;
    101          }
    102          
    103          #define trap4_isr(...) R_CG_ATTRIB_INTERRUPT_BANK_EI(trap4_isr, 15, __VA_ARGS__)
    104          /**/
    105          #pragma interrupt trap4_isr(vect = VECT(TRAP, 4))
    106          static void trap4_isr(void)
    107          {
    108              debug = 4;
    109          }
    110          
    111          #elif defined(__GNUC__) /*--------------------------------------------------*/
    112          
    113          void trap1_isr(void) __attribute__ ((interrupt(".rvectors", VECT(TRAP, 1))));
    114          /**/
    115          #define trap1_isr(...) R_CG_ATTRIB_INTERRUPT_FIT_IPL_MAX_EI(trap1_isr, __VA_ARGS__)
    116          /**/
    117          void trap1_isr(void)
    118          {
    119              debug = 1;
    120          }
    121          
    122          void trap2_isr(void) __attribute__ ((interrupt(".rvectors", VECT(TRAP, 2))));
    123          /**/
    124          #define trap2_isr(...) R_CG_ATTRIB_INTERRUPT_EI(trap2_isr, __VA_ARGS__)
    125          /**/
    126          void trap2_isr(void)
    127          {
    128              debug = 2;
    129          }
    130          
    131          void trap3_isr(void) __attribute__ ((interrupt(".rvectors", VECT(TRAP, 3))));
    132          /**/
    133          #define trap3_isr(...) R_CG_ATTRIB_INTERRUPT_BANK(trap3_isr, 15, __VA_ARGS__)
    134          /**/
    135          void trap3_isr(void)
    136          {
    137              debug = 3;
    138          }
    139          
    140          void trap4_isr(void) __attribute__ ((interrupt(".rvectors", VECT(TRAP, 4))));
    141          /**/
    142          #define trap4_isr(...) R_CG_ATTRIB_INTERRUPT_BANK_EI(trap4_isr, 15, __VA_ARGS__)
    143          /**/
    144          void trap4_isr(void)
    145          {
    146              debug = 4;
    147          }
    148          
    149          #elif defined(__ICCRX__) /*-------------------------------------------------*/
    150          
    151          #define trap1_isr(...) R_CG_ATTRIB_INTERRUPT_FIT_IPL_MAX_EI(trap1_isr, __VA_ARGS__)
    152          /**/
    153          #pragma vector = VECT(TRAP, 1)

   \                                 In section .text, align 1, keep-with-next
   \                     ___interrupt_1:
   \   000000 7E A1        PUSH.L R1
   \   000002 FD 6A 01     MVFC PSW, R1
   \   000005 FC 5A 11 08  BFMOVZ #18H, #0, #4, R1, R1 

   \          10
   \   00000A 61 81        CMP #0x8, R1
   \   00000C 22 05        BGEU ??_lab1_1
   \   00000E 75 70 08     MVTIPL #0x8
   \                     ??_lab1_1:
   \   000011 7F A8        SETPSW I
   \   000013 FD 6A 01     MVFC PSW, R1
   \   000016 FC 5A 11 08  BFMOVZ #18H, #0, #4, R1, R1 

   \          10
   \   00001B FD 76 C1 00  SAVE R1
   \   00001F EF 16        MOV.L R1, R6
   \   000021 39 ....      BSR.W _trap1_isr
   \   000024 FD 76 D6 00  RSTR R6
   \   000028 7E B1        POP R1
   \   00002A 7F 95        RTE
   \   00002C              REQUIRE _trap1_isr

   \                                 In section .text, align 1, keep-with-next
    154          __interrupt static void trap1_isr(void) // Remark[Pe082]: storage class is not first
                             ^
Remark[Pe082]: storage class is not first
    155          {
    156              debug = 1;
   \                     _trap1_isr:
   \   000000 FB 1E        MOV.L     #_debug:24,R1 ;  N 

   \          ..'....
   \   000005 F8 16 01     MOV.L     #0x1,[R1]     ;  N
    157          }
   \   000008 02           RTS
    158          
    159          #define trap2_isr(...) R_CG_ATTRIB_INTERRUPT_EI(trap2_isr, __VA_ARGS__)
    160          /**/
    161          #pragma vector = VECT(TRAP, 2)

   \                                 In section .text, align 1, keep-with-next
   \                     ___interrupt_2:
   \   000000 7F A8        SETPSW I
   \   000002 ..           BRA.S _trap2_isr
   \   000003 7F 95        RTE
   \   000005              REQUIRE _trap2_isr

   \                                 In section .text, align 1, keep-with-next
    162          __interrupt static void trap2_isr(void) // Remark[Pe082]: storage class is not first
                             ^
Remark[Pe082]: storage class is not first
    163          {
   \                     _trap2_isr:
   \   000000 7E A1        PUSH.L    R1    ;  N
    164              debug = 2;
   \   000002 FB 1E        MOV.L     #_debug:24,R1 ;  N 

   \          ..'....
   \   000007 F8 16 02     MOV.L     #0x2,[R1]     ;  N
    165          }
   \   00000A 7E B1        POP       R1    ;  N
   \   00000C 7F 95        RTE
    166          
    167          #define trap3_isr(...) R_CG_ATTRIB_INTERRUPT_BANK(trap3_isr, 15, __VA_ARGS__)
    168          /**/
    169          #pragma vector = VECT(TRAP, 3)

   \                                 In section .text, align 1, keep-with-next
    170          __interrupt static void trap3_isr(void) // Remark[Pe082]: storage class is not first
                             ^
Remark[Pe082]: storage class is not first
    171          {
   \                     ___interrupt_3:
   \   000000 FD 76 E0 0F  SAVE      #0xf
    172              debug = 3;
   \   000004 FB 1E        MOV.L     #_debug:24,R1 ;  N 

   \          ..'....
   \   000009 F8 16 03     MOV.L     #0x3,[R1]     ;  N
    173          }
   \   00000C FD 76 F0 0F  RSTR      #0xf
   \   000010 7F 95        RTE
    174          
    175          #define trap4_isr(...) R_CG_ATTRIB_INTERRUPT_BANK_EI(trap4_isr, 15, __VA_ARGS__)
    176          /**/
    177          #pragma vector = VECT(TRAP, 4)

   \                                 In section .text, align 1, keep-with-next
    178          __interrupt static void trap4_isr(void) // Remark[Pe082]: storage class is not first
                             ^
Remark[Pe082]: storage class is not first

  static void r_Config_SCI0_callback_transmitend(void);
              ^
"C:\Renesas\GitHubDesktop\workspaces\workspace_e2v202210\RXv3_RegBankSave\RXv3_RegBankSave_IAR\src\smc_gen\Config_SCI0\Config_SCI0.h",59  Remark[Pe177]: function "r_Config_SCI0_callback_transmitend" was declared but never referenced

  static void r_Config_SCI0_callback_receiveend(void);
              ^
"C:\Renesas\GitHubDesktop\workspaces\workspace_e2v202210\RXv3_RegBankSave\RXv3_RegBankSave_IAR\src\smc_gen\Config_SCI0\Config_SCI0.h",60  Remark[Pe177]: function "r_Config_SCI0_callback_receiveend" was declared but never referenced

  static void r_Config_RIIC0_callback_transmitend(void);
              ^
"C:\Renesas\GitHubDesktop\workspaces\workspace_e2v202210\RXv3_RegBankSave\RXv3_RegBankSave_IAR\src\smc_gen\Config_RIIC0\Config_RIIC0.h",63  Remark[Pe177]: function "r_Config_RIIC0_callback_transmitend" was declared but never referenced

  static void r_Config_RIIC0_callback_receiveend(void);
              ^
"C:\Renesas\GitHubDesktop\workspaces\workspace_e2v202210\RXv3_RegBankSave\RXv3_RegBankSave_IAR\src\smc_gen\Config_RIIC0\Config_RIIC0.h",64  Remark[Pe177]: function "r_Config_RIIC0_callback_receiveend" was declared but never referenced

  static void r_Config_RIIC0_callback_error(MD_STATUS status);
              ^
"C:\Renesas\GitHubDesktop\workspaces\workspace_e2v202210\RXv3_RegBankSave\RXv3_RegBankSave_IAR\src\smc_gen\Config_RIIC0\Config_RIIC0.h",65  Remark[Pe177]: function "r_Config_RIIC0_callback_error" was declared but never referenced
   \                     ___interrupt_4:
   \   000000 FD 76 E0 0F  SAVE      #0xf
   \   000004 7F A8        SETPSW    I     ;  N
   \   000006 FB 1E        MOV.L     #_debug:24,R1 ;  N 

   \          ..'....
   \   00000B F8 16 04     MOV.L     #0x4,[R1]     ;  N
   \   00000E FD 76 F0 0F  RSTR      #0xf
   \   000012 7F 95        RTE
    179          {
    180              debug = 4;
    181          }
    182          
    183          #endif /*-------------------------------------------------------------------*/

   Maximum stack usage in bytes:

   ISTACK Function
   ------ --------
      8   _trap0_isr
      8   _trap1_isr
      8   _trap2_isr
      8   _trap4_isr
      4   main
      4   trap0_isr
      4   trap1_isr
     12   trap2_isr
      8   trap3_isr


   Section sizes:

   Bytes  Function/Label
   -----  --------------
      44  _trap0_isr
      44  _trap1_isr
       5  _trap2_isr
      20  _trap4_isr
       4  debug
       4  fp_Check_Not_Using_DSQRT_FSQRT
       4  fp_Check_Using_DSQRT_FSQRT
      57  main
       9  trap0_isr
       9  trap1_isr
      14  trap2_isr
      18  trap3_isr

 
   8 bytes in section .data24.bss
   4 bytes in section .data24.data
 220 bytes in section .text
 
 220 bytes of CODE memory
  12 bytes of DATA memory

Errors: none
Warnings: none
