###############################################################################
#
# IAR C/C++ Compiler V4.20.1.5803/W32 for Renesas RX      23/Dec/2022  10:20:11
# Copyright 2009-2020 IAR Systems AB.
# PC-locked license - IAR Embedded Workbench for Renesas RX, 64K KickStart Edition 4.20
#
#    Source file                  =  ..\src\RXv3_RegBankSave_IAR_ex5.c
#    Command line                 =
#        ..\src\RXv3_RegBankSave_IAR_ex5.c -o src\RXv3_RegBankSave_IAR_ex5.o
#        --no_wrap_diagnostics -e --align_func=1 --tfu=none -Ohs
#        --no_size_constraints --no_cross_call --debug -lC ./ -I
#        C:\Renesas\GitHubDesktop\workspaces\workspace_e2v202210\RXv3_RegBankSave\RXv3_RegBankSave_IAR\src\smc_gen\r_config/
#        -I
#        C:\Renesas\GitHubDesktop\workspaces\workspace_e2v202210\RXv3_RegBankSave\RXv3_RegBankSave_IAR\src\smc_gen\r_pincfg/
#        -I
#        C:\Renesas\GitHubDesktop\workspaces\workspace_e2v202210\RXv3_RegBankSave\RXv3_RegBankSave_IAR\src\smc_gen\general/
#        -I
#        C:\Renesas\GitHubDesktop\workspaces\workspace_e2v202210\RXv3_RegBankSave\RXv3_RegBankSave_IAR\src\smc_gen\r_bsp/
#        -I
#        C:\Renesas\GitHubDesktop\workspaces\workspace_e2v202210\RXv3_RegBankSave\RXv3_RegBankSave_IAR\src\smc_gen\Config_RIIC0/
#        -I
#        C:\Renesas\GitHubDesktop\workspaces\workspace_e2v202210\RXv3_RegBankSave\RXv3_RegBankSave_IAR\src\smc_gen\Config_SCI0/
#        -I
#        C:\Renesas\GitHubDesktop\workspaces\workspace_e2v202210\RXv3_RegBankSave\RXv3_RegBankSave_IAR\src\smc_gen\r_riic_rx/
#        -I
#        C:\Renesas\GitHubDesktop\workspaces\workspace_e2v202210\RXv3_RegBankSave\RXv3_RegBankSave_IAR\src\smc_gen\r_riic_rx\src/
#        -I
#        C:\Renesas\GitHubDesktop\workspaces\workspace_e2v202210\RXv3_RegBankSave\RXv3_RegBankSave_IAR\src\smc_gen\r_sci_iic_rx/
#        -I
#        C:\Renesas\GitHubDesktop\workspaces\workspace_e2v202210\RXv3_RegBankSave\RXv3_RegBankSave_IAR\src\smc_gen\r_sci_iic_rx\src/
#        -I
#        C:\Renesas\GitHubDesktop\workspaces\workspace_e2v202210\RXv3_RegBankSave\RXv3_RegBankSave_IAR\src\smc_gen\Config_MTU3_MTU4/
#        --remarks --save_acc --endian l --core rxv3 --fpu=64 --data_model=f
#        --double=64 --int=32 --dlib_config
#        C:/Renesas/EWB/8.4/rx/LIB/dlrxdlln.h
#    Locale                       =  C
#    List file                    =  ./RXv3_RegBankSave_IAR_ex5.lst
#    Object file                  =  src\RXv3_RegBankSave_IAR_ex5.o
#    Runtime model:                  
#      __SystemLibrary            =  DLib
#      __calling_conv             =  abi10
#      __core                     =  3
#      __dlib_file_descriptor     =  0
#      __dlib_full_locale_support =  0
#      __dlib_version             =  6
#      __double_size              =  64
#      __endian                   =  l
#      __enum_size                =  *
#      __fpu                      =  2
#      __iar_require __Printf     =  qualifiers
#      __iar_require __Scanf         
#      __int_size                 =  32
#      __lock_R10                 =  0
#      __lock_R11                 =  0
#      __lock_R12                 =  0
#      __lock_R13                 =  0
#      __lock_R8                  =  0
#      __lock_R9                  =  0
#      __rt_version               =  5
#      __size_limit               =  65536
#
###############################################################################

C:\Renesas\GitHubDesktop\workspaces\workspace_e2v202210\RXv3_RegBankSave\RXv3_RegBankSave_IAR\src\RXv3_RegBankSave_IAR_ex5.c
      1          #include <stdio.h>
      2          //#include <math.h>
      3          #include <stdlib.h>
      4          #include <ctype.h>
      5          
      6          /* Special character code */
      7          #define LF 0x0a                     /* Line feed       */
      8          
      9          /* Flag */
     10          #define FALSE 0x00
     11          #define TRUE  0x01
     12          
     13          //void main(void);
     14          void sort_(long *a);
     15          void change_(long *a);
     16          
     17          static __interrupt __nested void i_hdr_5_1(void);
     18          
     19          #pragma bank=0

   \                                 In section .text, align 8, keep-with-next
     20          static __interrupt __nested void i_hdr_5_1(void)
     21          {
   \                     _i_hdr_5_1:
   \   000000 7F A8        SETPSW    I
   \   000002 FD 76 E0 00  SAVE      #0x0
   \   000006 71 00 C8     ADD       #-0x38,SP,SP
     22              long data[10];
     23              int i;
     24              char tmp[2];
     25              int ret;
     26              char isnuminput;
     27          
     28          //    while(1){
     29          
     30                  printf("### Data Input ###\n");
   \   000009 F8 0E        MOV.L     #?_0:24,[SP]

   \          ..'....
   \   00000E 05 ..'....   BSR.A     _printf
     31          
     32                  for( i=0; i<10; i++ ){
   \   000012 66 09        MOV.L     #0x0,R9
   \   000014 71 0A 10     ADD       #0x10,SP,R10
   \   000017 FB 6E        MOV.L     #?_3:24,R6

   \          ..'....
   \   00001C FB 72        MOV.L     #?_2:32,R7

   \          ....'....
   \   000022 FB 82        MOV.L     #?_1:32,R8

   \          ....'....
     33                      printf("data[%d]=",i);
   \                     ??i_hdr_5_1_0:
   \   000028 E7 09 01     MOV.L     R9,0x4[SP]
   \   00002B E3 08        MOV.L     R8,[SP]
   \   00002D 05 ..'....   BSR.A     _printf
     34                      data[i]= 0;
   \   000031 F8 A6 00     MOV.L     #0x0,[R10]
     35                      isnuminput = FALSE;
   \   000034 66 0B        MOV.L     #0x0,R11
   \   000036 2E 16        BRA.B     ??i_hdr_5_1_1
     36                      while(1){
     37                          ret = scanf("%c",&tmp);
                                                  ^
Warning[Pe181]: argument is incompatible with corresponding format string conversion
     38                          if(ret != EOF){
     39                              if( tmp[0] != LF ){
     40                                  if( isdigit(tmp[0])!=0 ){
     41                                      data[i] = data[i]*10 + atoi(tmp);
     42                                      isnuminput = TRUE;
     43                                  }else{
     44                                      printf("\n+++You can input only the decimal number.+++\n");
     45                                      data[i] = 0;
     46                                      isnuminput = FALSE;
     47                                      printf("data[%d]=",i);
     48                                  }
     49                              }else{
     50                                  if(isnuminput != FALSE){
     51                                      break;
     52                                  }else{
     53                                      printf("\n+++You can input only the decimal number.+++\n");
     54                                      data[i] = 0;
     55                                      isnuminput = FALSE;
     56                                      printf("data[%d]=",i);
     57                                  }
     58                              }
     59                          }else{
     60                              printf("\n+++You can input only the decimal number.+++\n");
   \                     ??i_hdr_5_1_2:
   \   000038 E3 06        MOV.L     R6,[SP]
   \   00003A 05 ..'....   BSR.A     _printf
     61                              data[i] = 0;
   \   00003E F8 A6 00     MOV.L     #0x0,[R10]
     62                              isnuminput = FALSE;
     63                              printf("data[%d]=",i);
   \   000041 E7 09 01     MOV.L     R9,0x4[SP]
   \   000044 E3 08        MOV.L     R8,[SP]
   \   000046 66 0B        MOV.L     #0x0,R11
   \   000048 05 ..'....   BSR.A     _printf
     64                          }
   \                     ??i_hdr_5_1_1:
   \   00004C 71 01 0C     ADD       #0xc,SP,R1
   \   00004F A0 09        MOV.L     R1,0x4[SP]
   \   000051 E3 07        MOV.L     R7,[SP]
   \   000053 05 ..'....   BSR.A     _scanf
   \   000057 75 01 FF     CMP       #-0x1,R1
   \   00005A 20 DE        BEQ.B     ??i_hdr_5_1_2
   \   00005C B3 02        MOVU.B    0xc[SP],R2
   \   00005E 61 A2        CMP       #0xa,R2
   \   000060 20 1C        BEQ.B     ??i_hdr_5_1_3
   \   000062 71 21 D0     ADD       #-0x30,R2,R1
   \   000065 61 A1        CMP       #0xa,R1
   \   000067 22 D1        BGEU      ??i_hdr_5_1_2
   \   000069 71 01 0C     ADD       #0xc,SP,R1
   \   00006C 05 ..'....   BSR.A     _atoi
   \   000070 EC A2        MOV.L     [R10],R2
   \   000072 66 1B        MOV.L     #0x1,R11
   \   000074 63 A2        MUL       #0xa,R2
   \   000076 4B 21        ADD       R2,R1
   \   000078 E3 A1        MOV.L     R1,[R10]
   \   00007A 2E D2        BRA.B     ??i_hdr_5_1_1
   \                     ??i_hdr_5_1_3:
   \   00007C 61 0B        CMP       #0x0,R11
   \   00007E 20 BA        BEQ.B     ??i_hdr_5_1_2
     65                      }
     66                  }
   \   000080 62 19        ADD       #0x1,R9
   \   000082 62 4A        ADD       #0x4,R10
   \   000084 61 A9        CMP       #0xa,R9
   \   000086 29 A2        BLT       ??i_hdr_5_1_0
     67          
     68                  sort_(data);
   \   000088 71 01 10     ADD       #0x10,SP,R1
   \   00008B 39 ....      BSR.W     _sort_
     69          
     70                  printf("*** Sorting results ***\n");
   \   00008E F8 0E        MOV.L     #?_4:24,[SP]

   \          ..'....
   \   000093 05 ..'....   BSR.A     _printf
     71          
     72                  for( i=0; i<10; i++ ){
     73                      printf("data[%d]=%ld\n",i,data[i]);
   \   000097 A9 01        MOV.L     0x10[SP],R1
   \   000099 FB 6E        MOV.L     #?_5:24,R6

   \          ..'....
   \   00009E 3E 01 00     MOV.L     #0x0,0x4[SP]
   \   0000A1 A0 81        MOV.L     R1,0x8[SP]
   \   0000A3 E3 06        MOV.L     R6,[SP]
   \   0000A5 05 ..'....   BSR.A     _printf
   \   0000A9 A9 09        MOV.L     0x14[SP],R1
   \   0000AB 3E 01 01     MOV.L     #0x1,0x4[SP]
   \   0000AE E3 06        MOV.L     R6,[SP]
   \   0000B0 A0 81        MOV.L     R1,0x8[SP]
   \   0000B2 05 ..'....   BSR.A     _printf
   \   0000B6 A9 81        MOV.L     0x18[SP],R1
   \   0000B8 3E 01 02     MOV.L     #0x2,0x4[SP]
   \   0000BB E3 06        MOV.L     R6,[SP]
   \   0000BD A0 81        MOV.L     R1,0x8[SP]
   \   0000BF 05 ..'....   BSR.A     _printf
   \   0000C3 A9 89        MOV.L     0x1c[SP],R1
   \   0000C5 3E 01 03     MOV.L     #0x3,0x4[SP]
   \   0000C8 E3 06        MOV.L     R6,[SP]
   \   0000CA A0 81        MOV.L     R1,0x8[SP]
   \   0000CC 05 ..'....   BSR.A     _printf
   \   0000D0 AA 01        MOV.L     0x20[SP],R1
   \   0000D2 3E 01 04     MOV.L     #0x4,0x4[SP]
   \   0000D5 E3 06        MOV.L     R6,[SP]
   \   0000D7 A0 81        MOV.L     R1,0x8[SP]
   \   0000D9 05 ..'....   BSR.A     _printf
   \   0000DD AA 09        MOV.L     0x24[SP],R1
   \   0000DF 3E 01 05     MOV.L     #0x5,0x4[SP]
   \   0000E2 E3 06        MOV.L     R6,[SP]
   \   0000E4 A0 81        MOV.L     R1,0x8[SP]
   \   0000E6 05 ..'....   BSR.A     _printf
   \   0000EA AA 81        MOV.L     0x28[SP],R1
   \   0000EC 3E 01 06     MOV.L     #0x6,0x4[SP]
   \   0000EF E3 06        MOV.L     R6,[SP]
   \   0000F1 A0 81        MOV.L     R1,0x8[SP]
   \   0000F3 05 ..'....   BSR.A     _printf
   \   0000F7 AA 89        MOV.L     0x2c[SP],R1
   \   0000F9 3E 01 07     MOV.L     #0x7,0x4[SP]
   \   0000FC E3 06        MOV.L     R6,[SP]
   \   0000FE A0 81        MOV.L     R1,0x8[SP]
   \   000100 05 ..'....   BSR.A     _printf
   \   000104 AB 01        MOV.L     0x30[SP],R1
   \   000106 3E 01 08     MOV.L     #0x8,0x4[SP]
   \   000109 E3 06        MOV.L     R6,[SP]
   \   00010B A0 81        MOV.L     R1,0x8[SP]
   \   00010D 05 ..'....   BSR.A     _printf
   \   000111 AB 09        MOV.L     0x34[SP],R1
   \   000113 3E 01 09     MOV.L     #0x9,0x4[SP]
   \   000116 E3 06        MOV.L     R6,[SP]
   \   000118 A0 81        MOV.L     R1,0x8[SP]
   \   00011A 05 ..'....   BSR.A     _printf
     74                  }
     75          
     76                  change_(data);
     77          
     78          //    }
     79          }
   \   00011E 71 00 38     ADD       #0x38,SP,SP
   \   000121 FD 76 F0 00  RSTR      #0x0
   \   000125 7F 95        RTE
     80          

   \                                 In section .text, align 8, keep-with-next
     81          void sort_(long *data)
     82          {
   \                     _sort_:
   \   000000 6E 68        PUSHM     R6-R8
     83              long t;
     84              int i, j, k, gap;
     85          
     86              gap = 5;
   \   000002 FB 22 05 00  MOV.L     #0x5:32,R2

   \          00 00
     87              while( gap > 0 ){
     88                  for( k=0; k<gap; k++){
   \                     ??sort__0:
   \   000008 FB 32 00 00  MOV.L     #0x0:32,R3

   \          00 00
   \   00000E EF 24        MOV.L     R2,R4
     89                      for( i=k+gap; i<10; i=i+gap ){
   \                     ??sort__1:
   \   000010 76 04 0A 00  CMP       #0xa:16,R4
   \   000014 EF 45        MOV.L     R4,R5
   \   000016 28 42        BGE       ??sort__2
     90                          for(j=i-gap; j>=k; j=j-gap){
   \                     ??sort__3:
   \   000018 FF 0E 25     SUB       R2,R5,R14
   \   00001B FD C2 EF     SHLL      #0x2,R14,R15
   \   00001E 4B 1F        ADD       R1,R15
   \   000020 0A           BRA.S     ??sort__4
     91                              if(data[j]>data[j+gap]){
     92                                  t = data[j];
     93                                  data[j] = data[j+gap];
   \                     ??sort__5:
   \   000021 E3 F7        MOV.L     R7,[R15]
     94                                  data[j+gap] = t;
   \   000023 FE 22 F6     MOV.L     R6,[R2,R15]
   \   000026 43 2E        SUB       R2,R14
   \   000028 4B 8F        ADD       R8,R15
   \                     ??sort__4:
   \   00002A 47 3E        CMP       R3,R14
   \   00002C 29 26        BLT       ??sort__6
   \   00002E FE 62 F6     MOV.L     [R2,R15],R6
   \   000031 EC F7        MOV.L     [R15],R7
   \   000033 47 76        CMP       R7,R6
   \   000035 28 1D        BGE       ??sort__6
     95                              }
   \   000037 FC 07 28     NEG       R2,R8
   \   00003A 43 2E        SUB       R2,R14
   \   00003C 6C 28        SHLL      #0x2,R8
   \   00003E E3 F6        MOV.L     R6,[R15]
   \   000040 FE 22 F7     MOV.L     R7,[R2,R15]
   \   000043 4B 8F        ADD       R8,R15
   \   000045 47 3E        CMP       R3,R14
   \   000047 29 0B        BLT       ??sort__6
   \   000049 FE 62 F7     MOV.L     [R2,R15],R7
   \   00004C EC F6        MOV.L     [R15],R6
   \   00004E 47 67        CMP       R6,R7
   \   000050 29 D1        BLT       ??sort__5
     96                              else
     97                                  break;
     98                          }
     99                      }
   \                     ??sort__6:
   \   000052 4B 25        ADD       R2,R5
   \   000054 61 A5        CMP       #0xa,R5
   \   000056 29 C2        BLT       ??sort__3
    100                  }
   \                     ??sort__2:
   \   000058 62 13        ADD       #0x1,R3
   \   00005A 62 14        ADD       #0x1,R4
   \   00005C 47 23        CMP       R2,R3
   \   00005E 29 B2        BLT       ??sort__1
    101                  gap = gap/2;
   \   000060 FD 9F 24     SHLR      #0x1f,R2,R4
   \   000063 4B 42        ADD       R4,R2
   \   000065 6A 12        SHAR      #0x1,R2
   \   000067 61 12        CMP       #0x1,R2
   \   000069 28 9F        BGE       ??sort__0
    102              }
    103          }
   \   00006B 3F 68 03     RTSD      #0xc,R6-R8
    104          

   \                                 In section .text, align 1, keep-with-next
    105          void change_(long *data)
    106          {
   \                     _change_:
   \   000000 71 00 D8     ADD       #-0x28,SP,SP
   \   000003 EF 14        MOV.L     R1,R4
    107              long tmp[10];
    108              int i;
    109          
    110              for(i=0; i<10; i++){
    111                  tmp[i] = data[i];
   \   000005 EF 12        MOV.L     R1,R2
   \   000007 EF 01        MOV.L     SP,R1
   \   000009 FB 36 28     MOV.L     #0x28,R3
   \   00000C 7F 8F        SMOVF
    112              }
    113              for(i=0; i<10; i++){
    114                  data[i] = tmp[9 - i];
   \   00000E AA 09        MOV.L     0x24[SP],R1
   \   000010 E3 41        MOV.L     R1,[R4]
   \   000012 AA 02        MOV.L     0x20[SP],R2
   \   000014 A0 4A        MOV.L     R2,0x4[R4]
   \   000016 A9 89        MOV.L     0x1c[SP],R1
   \   000018 A0 C1        MOV.L     R1,0x8[R4]
   \   00001A A9 82        MOV.L     0x18[SP],R2
   \   00001C A0 CA        MOV.L     R2,0xc[R4]
   \   00001E A9 09        MOV.L     0x14[SP],R1
   \   000020 A1 41        MOV.L     R1,0x10[R4]
   \   000022 A9 02        MOV.L     0x10[SP],R2
   \   000024 A1 4A        MOV.L     R2,0x14[R4]
   \   000026 A8 89        MOV.L     0xc[SP],R1
   \   000028 A1 C1        MOV.L     R1,0x18[R4]
   \   00002A A8 82        MOV.L     0x8[SP],R2
   \   00002C A1 CA        MOV.L     R2,0x1c[R4]
   \   00002E A8 09        MOV.L     0x4[SP],R1
   \   000030 A2 41        MOV.L     R1,0x20[R4]
   \   000032 EC 02        MOV.L     [SP],R2
   \   000034 A2 4A        MOV.L     R2,0x24[R4]
    115              }
    116          }
   \   000036 67 0A        RTSD      #0x28
    117          

   \                                 In section .data24.data, align 4
    118          void *i_debug_ex5_1 = (void *)i_hdr_5_1;
   \                     _i_debug_ex5_1:
   \   000000 ....'....    DC32 _i_hdr_5_1
    119          
    120          
    121          
    122          extern void i_fnc_4_2(void);
    123          static __interrupt __nested void i_hdr_5_2(void);
    124          
    125          #pragma bank=0

   \                                 In section .text, align 1, keep-with-next
    126          static __interrupt __nested void i_hdr_5_2(void)
    127          {
   \                     _i_hdr_5_2:
   \   000000 7F A8        SETPSW    I
   \   000002 FD 76 E0 00  SAVE      #0x0
    128             i_fnc_4_2();
   \   000006 05 ..'....   BSR.A     _i_fnc_4_2
    129          }
   \   00000A FD 76 F0 00  RSTR      #0x0
   \   00000E 7F 95        RTE
    130          

   \                                 In section .data24.data, align 4
    131          void *i_debug_ex5_2 = (void *)i_hdr_5_2;
   \                     _i_debug_ex5_2:
   \   000000 ....'....    DC32 _i_hdr_5_2
    132          
    133          
    134          
    135          extern unsigned int cnt;
    136          static __interrupt __nested void i_hdr_5_3(void);
    137          
    138          #pragma bank=0

   \                                 In section .text, align 1, keep-with-next
    139          static __interrupt __nested void i_hdr_5_3(void)
    140          {
   \                     _i_hdr_5_3:
   \   000000 7F A8        SETPSW    I
   \   000002 FD 76 E0 00  SAVE      #0x0
    141              cnt = cnt * cnt;
   \   000006 FB 2E        MOV.L     #_cnt:24,R2

   \          ..'....
   \   00000B EC 23        MOV.L     [R2],R3
   \   00000D EF 31        MOV.L     R3,R1
   \   00000F 4F 13        MUL       R1,R3
   \   000011 E3 23        MOV.L     R3,[R2]
    142          }
   \   000013 FD 76 F0 00  RSTR      #0x0
   \   000017 7F 95        RTE
    143          

   \                                 In section .data24.data, align 4
    144          void *i_debug_ex5_3 = (void *)i_hdr_5_3;
   \                     _i_debug_ex5_3:
   \   000000 ....'....    DC32 _i_hdr_5_3
    145          
    146          
    147          
    148          extern unsigned int cnt;
    149          static __interrupt __nested void i_hdr_5_4(void);
    150          
    151          #pragma bank=0

   \                                 In section .text, align 1, keep-with-next
    152          static __interrupt __nested void i_hdr_5_4(void)
    153          {
   \                     _i_hdr_5_4:
   \   000000 7F A8        SETPSW    I
   \   000002 FD 76 E0 00  SAVE      #0x0
    154             cnt++;
   \   000006 FB 1E        MOV.L     #_cnt:24,R1

   \          ..'....
   \   00000B EC 12        MOV.L     [R1],R2
   \   00000D 62 12        ADD       #0x1,R2
   \   00000F E3 12        MOV.L     R2,[R1]
    155          }
   \   000011 FD 76 F0 00  RSTR      #0x0
   \   000015 7F 95        RTE
    156          

   \                                 In section .data24.data, align 4
    157          void *i_debug_ex5_4 = (void *)i_hdr_5_4;
   \                     _i_debug_ex5_4:
   \   000000 ....'....    DC32 _i_hdr_5_4
    158          
    159          
    160          
    161          #include <intrinsics.h>
    162          
    163          static __interrupt __nested void i_hdr_5_5(void);
    164          
    165          #pragma bank=0

   \                                 In section .text, align 1, keep-with-next
    166          static __interrupt __nested void i_hdr_5_5(void)
    167          {
   \                     _i_hdr_5_5:
   \   000000 7F A8        SETPSW    I
   \   000002 FD 76 E0 00  SAVE      #0x0
    168              __macl(0, 0, 2);
   \   000006 66 21        MOV.L     #0x2,R1
   \   000008 66 04        MOV.L     #0x0,R4
   \   00000A FD 01 44     MULLO     R4,R4,A0
   \   00000D 66 02        MOV.L     #0x0,R2
   \   00000F 66 03        MOV.L     #0x0,R3
   \   000011 60 11        SUB       #0x1,R1
   \                     ??i_hdr_5_5_0:
   \   000013 FD 2A 34     MOV.L     [R3+],R4
   \   000016 FD 2A 25     MOV.L     [R2+],R5
   \   000019 60 21        SUB       #0x2,R1
   \   00001B FD 05 45     MACLO     R4,R5,A0
   \   00001E FD 04 45     MACHI     R4,R5,A0
   \   000021 2A F2        BGT       ??i_hdr_5_5_0
   \   000023 18           BNE.S     ??i_hdr_5_5_1
   \   000024 DC 34        MOV.W     [R3],R4
   \   000026 DC 25        MOV.W     [R2],R5
   \   000028 FD 05 45     MACLO     R4,R5,A0
    169          }
   \                     ??i_hdr_5_5_1:
   \   00002B FD 76 F0 00  RSTR      #0x0
   \   00002F 7F 95        RTE
    170          

   \                                 In section .data24.data, align 4
    171          void *i_debug_ex5_5 = (void *)i_hdr_5_5;
   \                     _i_debug_ex5_5:
   \   000000 ....'....    DC32 _i_hdr_5_5

   \                                 In section .data24.rodata, align 4
   \                     ?_0:
   \   000000 23 23 23 20  DC8 "### Data Input ###\012"

   \          44 61 74 61

   \                                 In section .data24.rodata, align 1
   \                     ?_1:
   \   000000 64 61 74 61  DC8 "data[%d]="

   \          5B 25 64 5D

   \                                 In section .data24.rodata, align 1
   \                     ?_2:
   \   000000 25 63 00     DC8 "%c"

   \                                 In section .data24.rodata, align 1
   \                     ?_3:
   \   000000 0A 2B 2B 2B  DC8 "\012+++You can input only the decimal number.+++\012"

   \          59 6F 75 20

   \                                 In section .data24.rodata, align 1
   \                     ?_4:
   \   000000 2A 2A 2A 20  DC8 "*** Sorting results ***\012"

   \          53 6F 72 74

   \                                 In section .data24.rodata, align 1
   \                     ?_5:
   \   000000 64 61 74 61  DC8 "data[%d]=%ld\012"

   \          5B 25 64 5D

   Maximum stack usage in bytes:

   ISTACK Function
   ------ --------
     44   change_
     64   i_hdr_5_1
       64   -> atoi
       64   -> printf
       64   -> scanf
       64   -> sort_
      8   i_hdr_5_2
        8   -> i_fnc_4_2
      8   i_hdr_5_3
      8   i_hdr_5_4
      8   i_hdr_5_5
     16   sort_


   Section sizes:

   Bytes  Function/Label
   -----  --------------
      20  ?_0
      10  ?_1
       3  ?_2
      47  ?_3
      25  ?_4
      14  ?_5
      56  change_
       4  i_debug_ex5_1
       4  i_debug_ex5_2
       4  i_debug_ex5_3
       4  i_debug_ex5_4
       4  i_debug_ex5_5
     295  i_hdr_5_1
      16  i_hdr_5_2
      25  i_hdr_5_3
      23  i_hdr_5_4
      49  i_hdr_5_5
     110  sort_

 
  20 bytes in section .data24.data
 119 bytes in section .data24.rodata
 574 bytes in section .text
 
 574 bytes of CODE  memory
 119 bytes of CONST memory
  20 bytes of DATA  memory

Errors: none
Warnings: 1
